!%QB¦ULS=:REVISION=0,ASRATIO_COLUMN=0.006,ASRATIO_MAX=0.08,ASRATIO_WEB=0.002,C_Alpha_cw=1.,C_ALPHA_LONGTERM=1.,C_BEH_COMP=4,C_BEH_TENS=1,C_COMPDIAGINCL=0.7854,C_Nue=0.6,C_ULTSTRAINBEND=-0.003,C_ULTSTRAINUNIFORM=-0.002,C_useNUE_Alpha_CW=F,C_VARDIAG=F,CREEP_INDEX=0.,GAMMA_A=1.05,GAMMA_C=1.5,GAMMA_CE=1.,GAMMA_P=1.15,GAMMA_S=1.15,kModHolz=1.,NONLINSECFORCES=F,P_BEHAV=1,P_CONSIDERLOSSES=F,S_BEHAV=1,S_LIMITLONGSTRESS=F,S_MAXSIGMA=200000.,S_MAXSIGMAWEB=200000.,S_ULTSTRAINTENSION=0.02,S_ULTSTRBIGZUG=0.02,USE_ALPHA_LONGTERM=F,USE_ASRATIO_WEB=T,USE_KAPPA_VERBUND=F,USE_VT_MODELL=F,USEULTSTRAIN=T
!%QB¦SLS=:REVISION=0,ASRATIO_COLUMN=0.006,ASRATIO_MAX=0.08,ASRATIO_WEB=0.002,C_Alpha_cw=1.,C_ALPHA_LONGTERM=1.,C_BEH_COMP=1,C_BEH_TENS=1,C_COMPDIAGINCL=0.7854,C_Nue=0.6,C_ULTSTRAINBEND=-0.003,C_ULTSTRAINUNIFORM=-0.002,C_useNUE_Alpha_CW=F,C_VARDIAG=F,CREEP_INDEX=0.,GAMMA_A=1.,GAMMA_C=1.,GAMMA_CE=1.,GAMMA_P=1.,GAMMA_S=1.,kModHolz=1.,NONLINSECFORCES=F,P_BEHAV=1,P_CONSIDERLOSSES=F,S_BEHAV=1,S_LIMITLONGSTRESS=F,S_MAXSIGMA=200000.,S_MAXSIGMAWEB=200000.,S_ULTSTRAINTENSION=0.005,S_ULTSTRBIGZUG=0.02,USE_ALPHA_LONGTERM=F,USE_ASRATIO_WEB=T,USE_KAPPA_VERBUND=F,USE_VT_MODELL=F,USEULTSTRAIN=F
